==== pipeline run Wed 06/10/2026 18:09:46.18 ==== 
landed 99 rows -> bronze/sheets/runs_20260610T220948.csv
22:09:52  Running with dbt=1.11.11
22:09:52  Registered adapter: duckdb=1.10.1
22:09:53  Found 2 models, 485 macros
22:09:53  
22:09:53  Concurrency: 1 threads (target='dev')
22:09:53  
22:09:53  1 of 2 START sql table model main.stg_runs ..................................... [RUN]
22:09:53  1 of 2 OK created sql table model main.stg_runs ................................ [OK in 0.14s]
22:09:53  2 of 2 START sql table model main.mart_merits_per_hour ......................... [RUN]
22:09:53  2 of 2 OK created sql table model main.mart_merits_per_hour .................... [OK in 0.05s]
22:09:53  
22:09:53  Finished running 2 table models in 0 hours 0 minutes and 0.46 seconds (0.46s).
22:09:53  
22:09:53  Completed successfully
22:09:53  
22:09:53  Done. PASS=2 WARN=0 ERROR=0 SKIP=0 NO-OP=0 TOTAL=2
published mart_merits_per_hour -> postgres (3 rows)
==== SUCCESS ==== 
==== pipeline run Wed 06/10/2026 18:09:57.51 ==== 
landed 99 rows -> bronze/sheets/runs_20260610T220959.csv
22:10:03  Running with dbt=1.11.11
22:10:03  Registered adapter: duckdb=1.10.1
22:10:04  Found 2 models, 485 macros
22:10:04  
22:10:04  Concurrency: 1 threads (target='dev')
22:10:04  
22:10:04  1 of 2 START sql table model main.stg_runs ..................................... [RUN]
22:10:05  1 of 2 OK created sql table model main.stg_runs ................................ [OK in 0.46s]
22:10:05  2 of 2 START sql table model main.mart_merits_per_hour ......................... [RUN]
22:10:05  2 of 2 OK created sql table model main.mart_merits_per_hour .................... [OK in 0.08s]
22:10:05  
22:10:05  Finished running 2 table models in 0 hours 0 minutes and 0.82 seconds (0.82s).
22:10:05  
22:10:05  Completed successfully
22:10:05  
22:10:05  Done. PASS=2 WARN=0 ERROR=0 SKIP=0 NO-OP=0 TOTAL=2
published mart_merits_per_hour -> postgres (3 rows)
==== SUCCESS ==== 
==== pipeline run Wed 06/10/2026 18:11:37.40 ==== 
landed 99 rows -> bronze/sheets/runs_20260610T221138.csv
22:11:43  Running with dbt=1.11.11
22:11:43  Registered adapter: duckdb=1.10.1
22:11:44  Found 2 models, 485 macros
22:11:44  
22:11:44  Concurrency: 1 threads (target='dev')
22:11:44  
22:11:44  1 of 2 START sql table model main.stg_runs ..................................... [RUN]
22:11:44  1 of 2 OK created sql table model main.stg_runs ................................ [OK in 0.17s]
22:11:44  2 of 2 START sql table model main.mart_merits_per_hour ......................... [RUN]
22:11:44  2 of 2 OK created sql table model main.mart_merits_per_hour .................... [OK in 0.05s]
22:11:44  
22:11:44  Finished running 2 table models in 0 hours 0 minutes and 0.49 seconds (0.49s).
22:11:44  
22:11:44  Completed successfully
22:11:44  
22:11:44  Done. PASS=2 WARN=0 ERROR=0 SKIP=0 NO-OP=0 TOTAL=2
published mart_merits_per_hour -> postgres (3 rows)
==== SUCCESS ==== 
==== pipeline run Wed 06/10/2026 18:16:37.80 ==== 
landed 99 rows -> bronze/sheets/runs_20260610T221639.csv
22:16:43  Running with dbt=1.11.11
22:16:44  Registered adapter: duckdb=1.10.1
22:16:45  Found 2 models, 485 macros
22:16:45  
22:16:45  Concurrency: 1 threads (target='dev')
22:16:45  
22:16:45  1 of 2 START sql table model main.stg_runs ..................................... [RUN]
22:16:45  1 of 2 OK created sql table model main.stg_runs ................................ [OK in 0.18s]
22:16:45  2 of 2 START sql table model main.mart_merits_per_hour ......................... [RUN]
22:16:45  2 of 2 OK created sql table model main.mart_merits_per_hour .................... [OK in 0.06s]
22:16:45  
22:16:45  Finished running 2 table models in 0 hours 0 minutes and 0.54 seconds (0.54s).
22:16:45  
22:16:45  Completed successfully
22:16:45  
22:16:45  Done. PASS=2 WARN=0 ERROR=0 SKIP=0 NO-OP=0 TOTAL=2
published mart_merits_per_hour -> postgres (3 rows)
==== SUCCESS ==== 
