[0m17:18:08.531174 [debug] [MainThread]: Sending event: {'category': 'dbt', 'action': 'invocation', 'label': 'start', 'context': [<snowplow_tracker.self_describing_json.SelfDescribingJson object at 0x000001ED9B116A40>, <snowplow_tracker.self_describing_json.SelfDescribingJson object at 0x000001ED9C4A83D0>, <snowplow_tracker.self_describing_json.SelfDescribingJson object at 0x000001ED9C4A81C0>]}


============================== 17:18:08.535245 | 0a363fb6-d42a-440c-a772-17e5c9ea3d95 ==============================
[0m17:18:08.535245 [info ] [MainThread]: Running with dbt=1.11.11
[0m17:18:08.536245 [debug] [MainThread]: running dbt with arguments {'static_parser': 'True', 'no_print': 'None', 'version_check': 'True', 'warn_error_options': 'WarnErrorOptionsV2(error=[], warn=[], silence=[])', 'target_path': 'None', 'printer_width': '80', 'write_json': 'True', 'empty': 'None', 'log_cache_events': 'False', 'introspect': 'True', 'cache_selected_only': 'False', 'fail_fast': 'False', 'debug': 'False', 'log_format': 'default', 'partial_parse': 'True', 'send_anonymous_usage_stats': 'True', 'quiet': 'False', 'warn_error': 'None', 'profiles_dir': 'C:\\Users\\Caleb\\.dbt', 'invocation_command': 'dbt init drg_dbt', 'indirect_selection': 'eager', 'use_colors': 'True', 'use_experimental_parser': 'False', 'log_path': 'logs'}
[0m17:18:08.676344 [info ] [MainThread]: Creating dbt configuration folder at C:\Users\Caleb\.dbt
[0m17:18:08.680344 [debug] [MainThread]: Starter project path: C:\Users\Caleb\AppData\Local\Programs\Python\Python310\lib\site-packages\dbt\include\starter_project
[0m17:18:08.752971 [info ] [MainThread]: 
Your new dbt project "drg_dbt" was created!

For more information on how to configure the profiles.yml file,
please consult the dbt documentation here:

  https://docs.getdbt.com/docs/configure-your-profile

One more thing:

Need help? Don't hesitate to reach out to us via GitHub issues or on Slack:

  https://community.getdbt.com/

Happy modeling!

[0m17:18:08.753970 [info ] [MainThread]: Setting up your profile.
[0m17:18:19.202695 [info ] [MainThread]: Profile drg_dbt written to C:\Users\Caleb\.dbt\profiles.yml using target's sample configuration. Once updated, you'll be able to start developing with dbt.
[0m17:18:19.204696 [debug] [MainThread]: Command `dbt init` succeeded at 17:18:19.204696 after 10.79 seconds
[0m17:18:19.205697 [debug] [MainThread]: Sending event: {'category': 'dbt', 'action': 'invocation', 'label': 'end', 'context': [<snowplow_tracker.self_describing_json.SelfDescribingJson object at 0x000001ED9B116A40>, <snowplow_tracker.self_describing_json.SelfDescribingJson object at 0x000001ED9C4A91E0>, <snowplow_tracker.self_describing_json.SelfDescribingJson object at 0x000001ED9C4A9600>]}
[0m17:18:19.205697 [debug] [MainThread]: Flushing usage events
[0m17:18:19.487446 [debug] [MainThread]: An error was encountered while trying to flush usage events
